<html>
<body>
<pre>
<h1>µVision Build Log</h1>
<h2>Tool Versions:</h2>
IDE-Version: ¦ÌVision V5.15
Copyright (C) 2015 ARM Ltd and ARM Germany GmbH. All rights reserved.
License Information: d Microsoft, Microsoft, LIC=R4HGK-ZLXW3-TJ26H-W9GYA-0AQNS-9DDYY
 
Tool Versions:
Toolchain:       MDK-ARM Professional  Version: 5.15.0
Toolchain Path:  D:\keil\ARM\ARMCC\Bin
C Compiler:      Armcc.exe V5.05 update 2 (build 169)
Assembler:       Armasm.exe V5.05 update 2 (build 169)
Linker/Locator:  ArmLink.exe V5.05 update 2 (build 169)
Library Manager: ArmAr.exe V5.05 update 2 (build 169)
Hex Converter:   FromElf.exe V5.05 update 2 (build 169)
CPU DLL:         SARMCM3.DLL V5.15.0
Dialog DLL:      DCM.DLL V1.13.2.0
Target DLL:      UL2CM3.DLL V1.155.8.0
Dialog DLL:      TCM.DLL V1.14.5.0
 
<h2>Project:</h2>
E:\MyGitRepository\MyFreeRTOS\MyFreeRTOS-v0.6\Project\Fire_FreeRTOS.uvprojx
Project File Date:  10/23/2019

<h2>Output:</h2>
*** Using Compiler 'V5.05 update 2 (build 169)', folder: 'D:\keil\ARM\ARMCC\Bin'
Build target 'Target 1'
compiling main.c...
..\freertos\Source\include\portmacro.h(32): warning:  #1-D: last line of file ends without a newline
  #endif /*PORTMACRO_H*/
..\freertos\Source\include\list.h(85): warning:  #1-D: last line of file ends without a newline
  #endif //_LIST_H
..\User\main.c: 2 warnings, 0 errors
compiling list.c...
..\freertos\Source\include\portmacro.h(32): warning:  #1-D: last line of file ends without a newline
  #endif /*PORTMACRO_H*/
..\freertos\Source\include\list.h(85): warning:  #1-D: last line of file ends without a newline
  #endif //_LIST_H
..\freertos\Source\list.c: 2 warnings, 0 errors
assembling startup_ARMCM3.s...
compiling system_ARMCM3.c...
linking...
Program Size: Code=524 RO-data=224 RW-data=4 ZI-data=4276  
".\Objects\Fire_FreeRTOS.axf" - 0 Error(s), 4 Warning(s).

<h2>Software Packages used:</h2>

Package Vendor: ARM
                http://www.keil.com/pack/ARM.CMSIS.4.3.0.pack
                ARM::CMSIS:CORE:4.1.0
                CMSIS (Cortex Microcontroller Software Interface Standard)
   * Component: CORE Version: 4.1.0
   * Component: Startup Version: 1.0.1

<h2>Collection of Component include folders:</h2>
  E:\MyGitRepository\MyFreeRTOS\MyFreeRTOS-v0.6\Project\RTE
  D:\keil\ARM\PACK\ARM\CMSIS\4.3.0\CMSIS\Include
  D:\keil\ARM\PACK\ARM\CMSIS\4.3.0\Device\ARM\ARMCM3\Include

<h2>Collection of Component Files used:</h2>

   * Component: ARM::CMSIS:CORE:4.1.0

   * Component: ARM::Device:Startup:1.0.1
      Include file:  Device\ARM\ARMCM3\Include\ARMCM3.h
      Source file:   Device\ARM\ARMCM3\Source\ARM\startup_ARMCM3.s
      Source file:   Device\ARM\ARMCM3\Source\system_ARMCM3.c
</pre>
</body>
</html>
